::1 - - [02/Jul/2026 23:53:30] "GET /html/dashboard.html HTTP/1.1" 200 -
::1 - - [02/Jul/2026 23:54:05] "GET /html/dashboard.html HTTP/1.1" 200 -
::1 - - [02/Jul/2026 23:55:32] "GET /html/index.html HTTP/1.1" 200 -
::1 - - [02/Jul/2026 23:55:32] "GET /html/Login2.html HTTP/1.1" 200 -
::1 - - [02/Jul/2026 23:55:32] "GET /html/dashboard.html HTTP/1.1" 200 -
::1 - - [02/Jul/2026 23:55:32] "GET /html/cart.html HTTP/1.1" 200 -
::1 - - [02/Jul/2026 23:55:32] "GET /html/checkout.html HTTP/1.1" 200 -
::1 - - [02/Jul/2026 23:55:32] "GET /html/admindashboard.html HTTP/1.1" 200 -
::1 - - [02/Jul/2026 23:55:32] "GET /html/inventory.html HTTP/1.1" 200 -
::1 - - [02/Jul/2026 23:55:32] "GET /html/orderqueue.html HTTP/1.1" 200 -
::1 - - [02/Jul/2026 23:55:32] "GET /html/onsitedashboard.html HTTP/1.1" 200 -
::1 - - [03/Jul/2026 00:18:41] "GET /html/dashboard.html HTTP/1.1" 200 -
::1 - - [03/Jul/2026 00:18:41] "GET /css/dashboard.css HTTP/1.1" 200 -
::1 - - [03/Jul/2026 00:18:41] "GET /css/homepage.css HTTP/1.1" 200 -
::1 - - [03/Jul/2026 00:18:41] "GET /css/history.css HTTP/1.1" 200 -
::1 - - [03/Jul/2026 00:18:41] "GET /css/milktea.css HTTP/1.1" 200 -
::1 - - [03/Jul/2026 00:18:41] "GET /css/orderpage.css HTTP/1.1" 200 -
::1 - - [03/Jul/2026 00:18:41] "GET /css/espresso.css HTTP/1.1" 200 -
::1 - - [03/Jul/2026 00:18:41] "GET /css/ftea.css HTTP/1.1" 200 -
::1 - - [03/Jul/2026 00:18:41] "GET /css/silog.css HTTP/1.1" 200 -
::1 - - [03/Jul/2026 00:18:41] "GET /css/sandwich.css HTTP/1.1" 200 -
::1 - - [03/Jul/2026 00:18:41] "GET /css/ricemeal.css HTTP/1.1" 200 -
::1 - - [03/Jul/2026 00:18:41] "GET /css/snacks.css HTTP/1.1" 200 -
::1 - - [03/Jul/2026 00:18:41] "GET /css/noodlepasta.css HTTP/1.1" 200 -
::1 - - [03/Jul/2026 00:18:41] "GET /css/fries.css HTTP/1.1" 200 -
::1 - - [03/Jul/2026 00:18:41] "GET /css/extras.css HTTP/1.1" 200 -
::1 - - [03/Jul/2026 00:18:41] "GET /css/bestseller.css HTTP/1.1" 200 -
::1 - - [03/Jul/2026 00:18:41] "GET /css/darkmode.css HTTP/1.1" 200 -
::1 - - [03/Jul/2026 00:18:41] "GET /css/cliq-ui.css HTTP/1.1" 200 -
::1 - - [03/Jul/2026 00:18:41] "GET /js/cart.js HTTP/1.1" 200 -
::1 - - [03/Jul/2026 00:18:41] "GET /js/espresso.js HTTP/1.1" 200 -
::1 - - [03/Jul/2026 00:18:41] "GET /js/ordertab.js HTTP/1.1" 200 -
::1 - - [03/Jul/2026 00:18:41] "GET /img/bhivelogo.jpg HTTP/1.1" 200 -
::1 - - [03/Jul/2026 00:18:41] "GET /js/milktea.js HTTP/1.1" 200 -
::1 - - [03/Jul/2026 00:18:41] "GET /js/ftea.js HTTP/1.1" 200 -
::1 - - [03/Jul/2026 00:18:41] "GET /js/silog.js HTTP/1.1" 200 -
::1 - - [03/Jul/2026 00:18:41] "GET /js/sandwich.js HTTP/1.1" 200 -
::1 - - [03/Jul/2026 00:18:41] "GET /js/snacks.js HTTP/1.1" 200 -
::1 - - [03/Jul/2026 00:18:41] "GET /js/ricemeal.js HTTP/1.1" 200 -
::1 - - [03/Jul/2026 00:18:41] "GET /js/noodlepasta.js HTTP/1.1" 200 -
::1 - - [03/Jul/2026 00:18:41] "GET /js/fries.js HTTP/1.1" 200 -
::1 - - [03/Jul/2026 00:18:41] "GET /js/extras.js HTTP/1.1" 200 -
::1 - - [03/Jul/2026 00:18:41] "GET /js/bestseller.js HTTP/1.1" 200 -
::1 - - [03/Jul/2026 00:18:41] "GET /js/numberbell.js HTTP/1.1" 200 -
::1 - - [03/Jul/2026 00:18:41] "GET /img/milktea.png HTTP/1.1" 200 -
::1 - - [03/Jul/2026 00:18:41] "GET /js/history.js HTTP/1.1" 200 -
::1 - - [03/Jul/2026 00:18:41] "GET /js/cartnumber.js HTTP/1.1" 200 -
::1 - - [03/Jul/2026 00:18:41] "GET /js/fastform.js HTTP/1.1" 200 -
::1 - - [03/Jul/2026 00:18:41] "GET /js/admin.js HTTP/1.1" 200 -
::1 - - [03/Jul/2026 00:18:41] "GET /js/darkmode.js HTTP/1.1" 200 -
::1 - - [03/Jul/2026 00:18:41] "GET /js/orderqueue.js HTTP/1.1" 200 -
::1 - - [03/Jul/2026 00:18:41] "GET /js/homepage.js HTTP/1.1" 200 -
::1 - - [03/Jul/2026 00:18:42] "GET /img/espresso.png HTTP/1.1" 200 -
::1 - - [03/Jul/2026 00:18:42] "GET /img/silog.png HTTP/1.1" 200 -
::1 - - [03/Jul/2026 00:18:42] "GET /img/fruit%20tea.png HTTP/1.1" 200 -
::1 - - [03/Jul/2026 00:18:42] "GET /js/cliq-layout.js HTTP/1.1" 200 -
::1 - - [03/Jul/2026 00:18:42] "GET /img/sandwich.png HTTP/1.1" 200 -
::1 - - [03/Jul/2026 00:18:42] "GET /js/firebase-config.js HTTP/1.1" 200 -
::1 - - [03/Jul/2026 00:18:42] "GET /img/snacks.png HTTP/1.1" 200 -
::1 - - [03/Jul/2026 00:18:42] "GET /img/ricemeal.png HTTP/1.1" 200 -
::1 - - [03/Jul/2026 00:18:42] "GET /img/noodlepasta.png HTTP/1.1" 200 -
::1 - - [03/Jul/2026 00:18:42] "GET /img/fries.png HTTP/1.1" 200 -
::1 - - [03/Jul/2026 00:18:42] "GET /img/egg.png HTTP/1.1" 200 -
::1 - - [03/Jul/2026 00:18:42] "GET /img/teatox1.png HTTP/1.1" 200 -
::1 - - [03/Jul/2026 00:18:51] "GET /html/cart.html HTTP/1.1" 200 -
::1 - - [03/Jul/2026 00:18:51] "GET /css/cart.css HTTP/1.1" 200 -
::1 - - [03/Jul/2026 00:18:53] "GET /html/feedback.html HTTP/1.1" 200 -
::1 - - [03/Jul/2026 00:18:53] "GET /css/feedback.css HTTP/1.1" 200 -
::1 - - [03/Jul/2026 00:18:53] "GET /js/feedback.js HTTP/1.1" 200 -
::1 - - [03/Jul/2026 00:18:54] "GET /html/faqs.html HTTP/1.1" 200 -
::1 - - [03/Jul/2026 00:18:54] "GET /css/faqs.css HTTP/1.1" 200 -
::1 - - [03/Jul/2026 00:18:54] "GET /html/about.html HTTP/1.1" 200 -
::1 - - [03/Jul/2026 00:18:54] "GET /css/about.css HTTP/1.1" 200 -
::1 - - [03/Jul/2026 00:18:54] "GET /img/about.jpg HTTP/1.1" 200 -
::1 - - [03/Jul/2026 00:18:55] "GET /html/profile.html HTTP/1.1" 200 -
::1 - - [03/Jul/2026 00:18:55] "GET /css/profile.css HTTP/1.1" 200 -
::1 - - [03/Jul/2026 00:18:55] "GET /js/profile.js HTTP/1.1" 200 -
::1 - - [03/Jul/2026 00:20:13] code 404, message File not found
::1 - - [03/Jul/2026 00:20:13] "GET /html/index.html HTTP/1.1" 404 -
::1 - - [03/Jul/2026 00:20:13] code 404, message File not found
::1 - - [03/Jul/2026 00:20:13] "GET /favicon.ico HTTP/1.1" 404 -
::1 - - [03/Jul/2026 00:21:26] "GET /html/index.html HTTP/1.1" 200 -
::1 - - [03/Jul/2026 00:21:26] code 404, message File not found
::1 - - [03/Jul/2026 00:21:26] "GET /css/index.css HTTP/1.1" 404 -
::1 - - [03/Jul/2026 00:21:26] "GET /img/gcash.png HTTP/1.1" 200 -
::1 - - [03/Jul/2026 00:24:28] "GET /html/index.html HTTP/1.1" 304 -
::1 - - [03/Jul/2026 00:24:28] "GET /css/index.css HTTP/1.1" 200 -
::1 - - [03/Jul/2026 00:24:28] "GET /css/cliq-ui.css HTTP/1.1" 304 -
::1 - - [03/Jul/2026 00:24:28] "GET /img/bhivelogo.jpg HTTP/1.1" 304 -
::1 - - [03/Jul/2026 00:24:28] "GET /img/milktea.png HTTP/1.1" 304 -
::1 - - [03/Jul/2026 00:24:28] "GET /js/cliq-layout.js HTTP/1.1" 304 -
::1 - - [03/Jul/2026 00:25:17] "GET /html/Login2.html HTTP/1.1" 200 -
::1 - - [03/Jul/2026 00:25:17] "GET /css/login.css HTTP/1.1" 200 -
::1 - - [03/Jul/2026 00:25:17] "GET /js/login.js HTTP/1.1" 200 -
::1 - - [03/Jul/2026 00:25:17] "GET /js/firebase-config.js HTTP/1.1" 304 -
::1 - - [03/Jul/2026 00:28:25] "GET /html/index.html HTTP/1.1" 200 -
::1 - - [03/Jul/2026 00:28:25] "GET /css/index.css HTTP/1.1" 200 -
::1 - - [03/Jul/2026 00:28:25] "GET /img/gcash.png HTTP/1.1" 304 -
::1 - - [03/Jul/2026 00:28:25] "GET /img/about.jpg HTTP/1.1" 304 -
::1 - - [03/Jul/2026 00:35:05] "GET /html/index.html HTTP/1.1" 200 -
::1 - - [03/Jul/2026 00:37:24] "GET /html/index.html HTTP/1.1" 200 -
::1 - - [03/Jul/2026 00:41:20] "GET /html/index.html HTTP/1.1" 304 -
::1 - - [03/Jul/2026 00:41:20] "GET /css/index.css HTTP/1.1" 304 -
::1 - - [03/Jul/2026 00:41:20] "GET /css/cliq-ui.css HTTP/1.1" 200 -
::1 - - [03/Jul/2026 00:41:20] "GET /img/bhivelogo.jpg HTTP/1.1" 304 -
::1 - - [03/Jul/2026 00:41:20] "GET /img/milktea.png HTTP/1.1" 304 -
::1 - - [03/Jul/2026 00:41:21] "GET /img/gcash.png HTTP/1.1" 304 -
::1 - - [03/Jul/2026 00:41:21] "GET /img/about.jpg HTTP/1.1" 304 -
::1 - - [03/Jul/2026 00:41:21] "GET /js/cliq-layout.js HTTP/1.1" 200 -
::1 - - [03/Jul/2026 00:41:27] code 404, message File not found
::1 - - [03/Jul/2026 00:41:27] "GET /.well-known/appspecific/com.chrome.devtools.json HTTP/1.1" 404 -
::1 - - [03/Jul/2026 00:42:32] "GET /html/Login2.html HTTP/1.1" 304 -
::1 - - [03/Jul/2026 00:42:32] "GET /css/login.css HTTP/1.1" 304 -
::1 - - [03/Jul/2026 00:42:32] "GET /css/cliq-ui.css HTTP/1.1" 304 -
::1 - - [03/Jul/2026 00:42:32] "GET /js/firebase-config.js HTTP/1.1" 304 -
::1 - - [03/Jul/2026 00:42:32] "GET /js/login.js HTTP/1.1" 304 -
::1 - - [03/Jul/2026 00:45:53] "GET /html/index.html HTTP/1.1" 200 -
::1 - - [03/Jul/2026 00:47:19] "GET /css/cliq-ui.css HTTP/1.1" 304 -
::1 - - [03/Jul/2026 00:47:19] "GET /js/cliq-layout.js HTTP/1.1" 304 -
::1 - - [03/Jul/2026 00:54:34] "GET /html/cart.html?embed=1 HTTP/1.1" 200 -
::1 - - [03/Jul/2026 00:54:34] "GET /html/notification.html?embed=1 HTTP/1.1" 200 -
::1 - - [03/Jul/2026 00:54:34] "GET /html/profile.html?embed=1 HTTP/1.1" 200 -
::1 - - [03/Jul/2026 00:54:34] "GET /html/about.html?embed=1 HTTP/1.1" 200 -
::1 - - [03/Jul/2026 00:54:34] "GET /html/faqs.html?embed=1 HTTP/1.1" 200 -
::1 - - [03/Jul/2026 00:54:34] "GET /html/feedback.html?embed=1 HTTP/1.1" 200 -
::1 - - [03/Jul/2026 00:54:34] "GET /html/termsandcondition.html?embed=1 HTTP/1.1" 200 -
::1 - - [03/Jul/2026 00:54:34] "GET /html/privacypolicy.html?embed=1 HTTP/1.1" 200 -
::1 - - [03/Jul/2026 00:54:34] "GET /html/dashboard.html HTTP/1.1" 200 -
::1 - - [03/Jul/2026 00:57:16] "GET /html/dashboard.html HTTP/1.1" 200 -
::1 - - [03/Jul/2026 00:57:16] "GET /html/cart.html?embed=1 HTTP/1.1" 200 -
::1 - - [03/Jul/2026 00:57:16] "GET /html/checkout.html?embed=1 HTTP/1.1" 200 -
::1 - - [03/Jul/2026 00:57:16] "GET /html/receipt.html?embed=1 HTTP/1.1" 200 -
::1 - - [03/Jul/2026 00:57:16] "GET /html/notification.html?embed=1 HTTP/1.1" 200 -
::1 - - [03/Jul/2026 00:57:16] "GET /html/profile.html?embed=1 HTTP/1.1" 200 -
::1 - - [03/Jul/2026 00:57:16] "GET /html/about.html?embed=1 HTTP/1.1" 200 -
::1 - - [03/Jul/2026 00:57:16] "GET /html/faqs.html?embed=1 HTTP/1.1" 200 -
::1 - - [03/Jul/2026 00:57:16] "GET /html/feedback.html?embed=1 HTTP/1.1" 200 -
::1 - - [03/Jul/2026 00:57:16] "GET /html/termsandcondition.html?embed=1 HTTP/1.1" 200 -
::1 - - [03/Jul/2026 00:57:16] "GET /html/privacypolicy.html?embed=1 HTTP/1.1" 200 -
::1 - - [03/Jul/2026 01:04:39] "GET /html/notification.html?embed=1 HTTP/1.1" 200 -
::1 - - [03/Jul/2026 01:04:39] "GET /html/profile.html?embed=1 HTTP/1.1" 200 -
::1 - - [03/Jul/2026 01:04:39] "GET /html/about.html?embed=1 HTTP/1.1" 200 -
::1 - - [03/Jul/2026 01:04:39] "GET /html/faqs.html?embed=1 HTTP/1.1" 200 -
::1 - - [03/Jul/2026 01:04:39] "GET /html/feedback.html?embed=1 HTTP/1.1" 200 -
::1 - - [03/Jul/2026 01:04:39] "GET /html/termsandcondition.html?embed=1 HTTP/1.1" 200 -
::1 - - [03/Jul/2026 01:04:39] "GET /html/privacypolicy.html?embed=1 HTTP/1.1" 200 -
::1 - - [03/Jul/2026 01:14:23] "GET /html/dashboard.html HTTP/1.1" 200 -
::1 - - [03/Jul/2026 01:14:24] "GET /html/notification.html?embed=1 HTTP/1.1" 200 -
::1 - - [03/Jul/2026 01:15:23] "GET /html/notification.html?embed=1 HTTP/1.1" 200 -
::1 - - [03/Jul/2026 01:15:24] "GET /html/dashboard.html HTTP/1.1" 200 -
